Archive member included to satisfy reference by file (symbol)

/opt/gcc-arm-none-eabi-5_4-2016q3/bin/../lib/gcc/arm-none-eabi/5.4.1/../../../../arm-none-eabi/lib/armv7-m/libg_nano.a(lib_a-errno.o)
                              ./system/src/newlib/_sbrk.o (__errno)
/opt/gcc-arm-none-eabi-5_4-2016q3/bin/../lib/gcc/arm-none-eabi/5.4.1/../../../../arm-none-eabi/lib/armv7-m/libg_nano.a(lib_a-impure.o)
                              /opt/gcc-arm-none-eabi-5_4-2016q3/bin/../lib/gcc/arm-none-eabi/5.4.1/../../../../arm-none-eabi/lib/armv7-m/libg_nano.a(lib_a-errno.o) (_impure_ptr)
/opt/gcc-arm-none-eabi-5_4-2016q3/bin/../lib/gcc/arm-none-eabi/5.4.1/../../../../arm-none-eabi/lib/armv7-m/libg_nano.a(lib_a-malloc.o)
                              ./src/buffer.o (malloc)
/opt/gcc-arm-none-eabi-5_4-2016q3/bin/../lib/gcc/arm-none-eabi/5.4.1/../../../../arm-none-eabi/lib/armv7-m/libg_nano.a(lib_a-memcpy-stub.o)
                              ./src/buffer.o (memcpy)
/opt/gcc-arm-none-eabi-5_4-2016q3/bin/../lib/gcc/arm-none-eabi/5.4.1/../../../../arm-none-eabi/lib/armv7-m/libg_nano.a(lib_a-memset.o)
                              ./src/buffer.o (memset)
/opt/gcc-arm-none-eabi-5_4-2016q3/bin/../lib/gcc/arm-none-eabi/5.4.1/../../../../arm-none-eabi/lib/armv7-m/libg_nano.a(lib_a-nano-freer.o)
                              /opt/gcc-arm-none-eabi-5_4-2016q3/bin/../lib/gcc/arm-none-eabi/5.4.1/../../../../arm-none-eabi/lib/armv7-m/libg_nano.a(lib_a-malloc.o) (_free_r)
/opt/gcc-arm-none-eabi-5_4-2016q3/bin/../lib/gcc/arm-none-eabi/5.4.1/../../../../arm-none-eabi/lib/armv7-m/libg_nano.a(lib_a-nano-mallocr.o)
                              /opt/gcc-arm-none-eabi-5_4-2016q3/bin/../lib/gcc/arm-none-eabi/5.4.1/../../../../arm-none-eabi/lib/armv7-m/libg_nano.a(lib_a-malloc.o) (_malloc_r)
/opt/gcc-arm-none-eabi-5_4-2016q3/bin/../lib/gcc/arm-none-eabi/5.4.1/../../../../arm-none-eabi/lib/armv7-m/libg_nano.a(lib_a-sbrkr.o)
                              /opt/gcc-arm-none-eabi-5_4-2016q3/bin/../lib/gcc/arm-none-eabi/5.4.1/../../../../arm-none-eabi/lib/armv7-m/libg_nano.a(lib_a-nano-mallocr.o) (_sbrk_r)
/opt/gcc-arm-none-eabi-5_4-2016q3/bin/../lib/gcc/arm-none-eabi/5.4.1/../../../../arm-none-eabi/lib/armv7-m/libg_nano.a(lib_a-strlen.o)
                              ./system/src/diag/Trace.o (strlen)
/opt/gcc-arm-none-eabi-5_4-2016q3/bin/../lib/gcc/arm-none-eabi/5.4.1/../../../../arm-none-eabi/lib/armv7-m/libg_nano.a(lib_a-vsnprintf.o)
                              ./system/src/diag/Trace.o (vsnprintf)
/opt/gcc-arm-none-eabi-5_4-2016q3/bin/../lib/gcc/arm-none-eabi/5.4.1/../../../../arm-none-eabi/lib/armv7-m/libg_nano.a(lib_a-mlock.o)
                              /opt/gcc-arm-none-eabi-5_4-2016q3/bin/../lib/gcc/arm-none-eabi/5.4.1/../../../../arm-none-eabi/lib/armv7-m/libg_nano.a(lib_a-nano-freer.o) (__malloc_lock)
/opt/gcc-arm-none-eabi-5_4-2016q3/bin/../lib/gcc/arm-none-eabi/5.4.1/../../../../arm-none-eabi/lib/armv7-m/libg_nano.a(lib_a-nano-svfprintf.o)
                              /opt/gcc-arm-none-eabi-5_4-2016q3/bin/../lib/gcc/arm-none-eabi/5.4.1/../../../../arm-none-eabi/lib/armv7-m/libg_nano.a(lib_a-vsnprintf.o) (_svfprintf_r)
/opt/gcc-arm-none-eabi-5_4-2016q3/bin/../lib/gcc/arm-none-eabi/5.4.1/../../../../arm-none-eabi/lib/armv7-m/libg_nano.a(lib_a-nano-vfprintf_i.o)
                              /opt/gcc-arm-none-eabi-5_4-2016q3/bin/../lib/gcc/arm-none-eabi/5.4.1/../../../../arm-none-eabi/lib/armv7-m/libg_nano.a(lib_a-nano-svfprintf.o) (_printf_i)
/opt/gcc-arm-none-eabi-5_4-2016q3/bin/../lib/gcc/arm-none-eabi/5.4.1/../../../../arm-none-eabi/lib/armv7-m/libg_nano.a(lib_a-memchr-stub.o)
                              /opt/gcc-arm-none-eabi-5_4-2016q3/bin/../lib/gcc/arm-none-eabi/5.4.1/../../../../arm-none-eabi/lib/armv7-m/libg_nano.a(lib_a-nano-svfprintf.o) (memchr)
/opt/gcc-arm-none-eabi-5_4-2016q3/bin/../lib/gcc/arm-none-eabi/5.4.1/../../../../arm-none-eabi/lib/armv7-m/libg_nano.a(lib_a-memmove.o)
                              /opt/gcc-arm-none-eabi-5_4-2016q3/bin/../lib/gcc/arm-none-eabi/5.4.1/../../../../arm-none-eabi/lib/armv7-m/libg_nano.a(lib_a-nano-svfprintf.o) (memmove)
/opt/gcc-arm-none-eabi-5_4-2016q3/bin/../lib/gcc/arm-none-eabi/5.4.1/../../../../arm-none-eabi/lib/armv7-m/libg_nano.a(lib_a-nano-reallocr.o)
                              /opt/gcc-arm-none-eabi-5_4-2016q3/bin/../lib/gcc/arm-none-eabi/5.4.1/../../../../arm-none-eabi/lib/armv7-m/libg_nano.a(lib_a-nano-svfprintf.o) (_realloc_r)
/opt/gcc-arm-none-eabi-5_4-2016q3/bin/../lib/gcc/arm-none-eabi/5.4.1/../../../../arm-none-eabi/lib/armv7-m/libg_nano.a(lib_a-nano-msizer.o)
                              /opt/gcc-arm-none-eabi-5_4-2016q3/bin/../lib/gcc/arm-none-eabi/5.4.1/../../../../arm-none-eabi/lib/armv7-m/libg_nano.a(lib_a-nano-reallocr.o) (_malloc_usable_size_r)

Allocating common symbols
Common symbol       size              file

timer_delayCount    0x4               ./src/Timer.o
errno               0x4               ./system/src/newlib/_syscalls.o
[...]
Memory Configuration

Name             Origin             Length             Attributes
RAM              0x20000000         0x00005000         xrw
CCMRAM           0x00000000         0x00000000         xrw
FLASH            0x08000000         0x00020000         xr
FLASHB1          0x00000000         0x00000000         xr
EXTMEMB0         0x00000000         0x00000000         xr
EXTMEMB1         0x00000000         0x00000000         xr
EXTMEMB2         0x00000000         0x00000000         xr
EXTMEMB3         0x00000000         0x00000000         xr
MEMORY_ARRAY     0x00000000         0x00000000         xrw
*default*        0x00000000         0xffffffff

Linker script and memory map

LOAD ./system/src/stm32f1-stdperiph/misc.o
LOAD ./system/src/stm32f1-stdperiph/stm32f10x_dma.o
LOAD ./system/src/stm32f1-stdperiph/stm32f10x_gpio.o
LOAD ./system/src/stm32f1-stdperiph/stm32f10x_rcc.o
LOAD ./system/src/stm32f1-stdperiph/stm32f10x_spi.o
LOAD ./system/src/newlib/_cxx.o
LOAD ./system/src/newlib/_exit.o
LOAD ./system/src/newlib/_sbrk.o
LOAD ./system/src/newlib/_startup.o
LOAD ./system/src/newlib/_syscalls.o
LOAD ./system/src/newlib/assert.o
LOAD ./system/src/diag/Trace.o
LOAD ./system/src/diag/trace_impl.o
LOAD ./system/src/cortexm/_initialize_hardware.o
LOAD ./system/src/cortexm/_reset_hardware.o
LOAD ./system/src/cortexm/exception_handlers.o
LOAD ./system/src/cmsis/system_stm32f10x.o
LOAD ./system/src/cmsis/vectors_stm32f10x.o
LOAD ./src/Timer.o
LOAD ./src/_write.o
LOAD ./src/buffer.o
LOAD ./src/main.o
LOAD ./src/spi.o
LOAD /opt/gcc-arm-none-eabi-5_4-2016q3/bin/../lib/gcc/arm-none-eabi/5.4.1/../../../../arm-none-eabi/lib/armv7-m/libstdc++_nano.a
LOAD /opt/gcc-arm-none-eabi-5_4-2016q3/bin/../lib/gcc/arm-none-eabi/5.4.1/../../../../arm-none-eabi/lib/armv7-m/libm.a
START GROUP
LOAD /opt/gcc-arm-none-eabi-5_4-2016q3/bin/../lib/gcc/arm-none-eabi/5.4.1/armv7-m/libgcc.a
LOAD /opt/gcc-arm-none-eabi-5_4-2016q3/bin/../lib/gcc/arm-none-eabi/5.4.1/../../../../arm-none-eabi/lib/armv7-m/libg_nano.a
LOAD /opt/gcc-arm-none-eabi-5_4-2016q3/bin/../lib/gcc/arm-none-eabi/5.4.1/../../../../arm-none-eabi/lib/armv7-m/libc_nano.a
END GROUP
START GROUP
LOAD /opt/gcc-arm-none-eabi-5_4-2016q3/bin/../lib/gcc/arm-none-eabi/5.4.1/armv7-m/libgcc.a
LOAD /opt/gcc-arm-none-eabi-5_4-2016q3/bin/../lib/gcc/arm-none-eabi/5.4.1/../../../../arm-none-eabi/lib/armv7-m/libc_nano.a
END GROUP
                0x20005000                __stack = (ORIGIN (RAM) + LENGTH (RAM))
                0x20005000                _estack = __stack
                0x00000400                __Main_Stack_Size = 0x400
                [!provide]                PROVIDE (_Main_Stack_Size, __Main_Stack_Size)
                0x20004c00                __Main_Stack_Limit = (__stack - __Main_Stack_Size)
                [!provide]                PROVIDE (_Main_Stack_Limit, __Main_Stack_Limit)
                0x00000100                _Minimum_Stack_Size = 0x100
                0x2000074c                PROVIDE (_Heap_Begin, _end_noinit)
                0x20004c00                PROVIDE (_Heap_Limit, (__stack - __Main_Stack_Size))

.isr_vector     0x08000000      0x354
 FILL mask 0xff
                0x08000000                __vectors_start = ABSOLUTE (.)
                0x08000000                __vectors_start__ = ABSOLUTE (.)
 *(.isr_vector)
 .isr_vector    0x08000000      0x10c ./system/src/cmsis/vectors_stm32f10x.o
                0x08000000                __isr_vectors
 *(.cfmconfig)
 *(.after_vectors .after_vectors.*)
 .after_vectors
                0x0800010c      0x114 ./system/src/newlib/_startup.o
                0x0800010c                _start
 .after_vectors
                0x08000220      0x130 ./system/src/cortexm/exception_handlers.o
                0x08000220                Reset_Handler
                0x08000228                NMI_Handler
                0x0800022c                HardFault_Handler
                0x08000240                HardFault_Handler_C
                0x080002a0                MemManage_Handler
                0x080002a4                BusFault_Handler
                0x080002b8                BusFault_Handler_C
                0x080002ec                UsageFault_Handler
                0x08000300                UsageFault_Handler_C
                0x08000334                SVC_Handler
                0x08000338                DebugMon_Handler
                0x0800033c                PendSV_Handler
 .after_vectors
                0x08000350        0x4 ./system/src/cmsis/vectors_stm32f10x.o
                0x08000350                EXTI2_IRQHandler
                0x08000350                TIM8_TRG_COM_IRQHandler
                0x08000350                TIM8_CC_IRQHandler
                0x08000350                TIM1_CC_IRQHandler
                0x08000350                TIM6_IRQHandler
                0x08000350                PVD_IRQHandler
                0x08000350                SDIO_IRQHandler
                0x08000350                CAN2_RX1_IRQHandler
                0x08000350                EXTI3_IRQHandler
                0x08000350                TIM8_TRG_COM_TIM14_IRQHandler
                0x08000350                TIM1_UP_TIM10_IRQHandler
                0x08000350                TIM8_UP_TIM13_IRQHandler
                0x08000350                EXTI0_IRQHandler
                0x08000350                I2C2_EV_IRQHandler
                0x08000350                CAN1_RX0_IRQHandler
                0x08000350                TIM1_UP_TIM16_IRQHandler
                0x08000350                CAN2_SCE_IRQHandler
                0x08000350                ADC1_2_IRQHandler
                0x08000350                SPI1_IRQHandler
                0x08000350                TAMPER_IRQHandler
                0x08000350                TIM6_DAC_IRQHandler
                0x08000350                TIM1_BRK_TIM9_IRQHandler
                0x08000350                CAN2_RX0_IRQHandler
                0x08000350                TIM8_UP_IRQHandler
                0x08000350                DMA2_Channel2_IRQHandler
                0x08000350                USART3_IRQHandler
                0x08000350                RTC_IRQHandler
                0x08000350                DMA1_Channel7_IRQHandler
                0x08000350                CAN1_RX1_IRQHandler
                0x08000350                UART5_IRQHandler
                0x08000350                ADC3_IRQHandler
                0x08000350                TIM4_IRQHandler
                0x08000350                DMA2_Channel1_IRQHandler
                0x08000350                I2C1_EV_IRQHandler
                0x08000350                DMA1_Channel6_IRQHandler
                0x08000350                UART4_IRQHandler
                0x08000350                DMA2_Channel4_IRQHandler
                0x08000350                TIM3_IRQHandler
                0x08000350                RCC_IRQHandler
                0x08000350                TIM8_BRK_TIM12_IRQHandler
                0x08000350                TIM1_TRG_COM_IRQHandler
                0x08000350                DMA1_Channel1_IRQHandler
                0x08000350                Default_Handler
                0x08000350                CEC_IRQHandler
                0x08000350                EXTI15_10_IRQHandler
                0x08000350                TIM14_IRQHandler
                0x08000350                TIM13_IRQHandler
                0x08000350                TIM12_IRQHandler
                0x08000350                TIM7_IRQHandler
                0x08000350                CAN2_TX_IRQHandler
                0x08000350                TIM5_IRQHandler
                0x08000350                EXTI9_5_IRQHandler
                0x08000350                ETH_WKUP_IRQHandler
                0x08000350                CAN1_TX_IRQHandler
                0x08000350                DMA2_Channel5_IRQHandler
                0x08000350                EXTI4_IRQHandler
                0x08000350                USB_LP_CAN1_RX0_IRQHandler
                0x08000350                TIM1_TRG_COM_TIM17_IRQHandler
                0x08000350                USB_HP_CAN1_TX_IRQHandler
                0x08000350                DMA1_Channel3_IRQHandler
                0x08000350                FSMC_IRQHandler
                0x08000350                ETH_IRQHandler
                0x08000350                TIM1_UP_IRQHandler
                0x08000350                WWDG_IRQHandler
                0x08000350                TIM2_IRQHandler
                0x08000350                OTG_FS_WKUP_IRQHandler
                0x08000350                TIM1_TRG_COM_TIM11_IRQHandler
                0x08000350                TIM1_BRK_IRQHandler
                0x08000350                EXTI1_IRQHandler
                0x08000350                RTCAlarm_IRQHandler
                0x08000350                DMA2_Channel4_5_IRQHandler
                0x08000350                USART2_IRQHandler
                0x08000350                I2C2_ER_IRQHandler
                0x08000350                DMA1_Channel2_IRQHandler
                0x08000350                TIM8_BRK_IRQHandler
                0x08000350                CAN1_SCE_IRQHandler
                0x08000350                FLASH_IRQHandler
                0x08000350                USART1_IRQHandler
                0x08000350                OTG_FS_IRQHandler
                0x08000350                SPI3_IRQHandler
                0x08000350                I2C1_ER_IRQHandler
                0x08000350                USBWakeUp_IRQHandler
                0x08000350                DMA2_Channel3_IRQHandler
                0x08000350                TIM1_BRK_TIM15_IRQHandler

.inits          0x08000354       0x28
                0x08000354                __data_regions_array_start = .
                0x08000354        0x4 LONG 0x80022a4 LOADADDR (.data)
                0x08000358        0x4 LONG 0x20000000 ADDR (.data)
                0x0800035c        0x4 LONG 0x20000090 (ADDR (.data) + SIZEOF (.data))
                0x08000360        0x4 LONG 0x80022a4 LOADADDR (.data_CCMRAM)
                0x08000364        0x4 LONG 0x0 ADDR (.data_CCMRAM)
                0x08000368        0x4 LONG 0x0 (ADDR (.data_CCMRAM) + SIZEOF (.data_CCMRAM))
                0x0800036c                __data_regions_array_end = .
                0x0800036c                __bss_regions_array_start = .
                0x0800036c        0x4 LONG 0x20000090 ADDR (.bss)
                0x08000370        0x4 LONG 0x2000074c (ADDR (.bss) + SIZEOF (.bss))
                0x08000374        0x4 LONG 0x0 ADDR (.bss_CCMRAM)
                0x08000378        0x4 LONG 0x0 (ADDR (.bss_CCMRAM) + SIZEOF (.bss_CCMRAM))
                0x0800037c                __bss_regions_array_end = .
 *(.init)
 *(.fini)
                0x0800037c                . = ALIGN (0x4)
                0x0800037c                PROVIDE (__preinit_array_start, .)
 *(.preinit_array_sysinit .preinit_array_sysinit.*)
 *(.preinit_array_platform .preinit_array_platform.*)
 *(.preinit_array .preinit_array.*)
                0x0800037c                PROVIDE (__preinit_array_end, .)
                0x0800037c                . = ALIGN (0x4)
                0x0800037c                PROVIDE (__init_array_start, .)
 *(SORT(.init_array.*))
 *(.init_array)
                0x0800037c                PROVIDE (__init_array_end, .)
                0x0800037c                . = ALIGN (0x4)
                0x0800037c                PROVIDE (__fini_array_start, .)
 *(SORT(.fini_array.*))
 *(.fini_array)
                0x0800037c                PROVIDE (__fini_array_end, .)

.flashtext
 *(.flashtext .flashtext.*)

.text           0x0800037c     0x1f27
 *(.text .text.*)
 .text.DMA_Cmd  0x0800037c       0x8c ./system/src/stm32f1-stdperiph/stm32f10x_dma.o
                0x0800037c                DMA_Cmd
 .text.DMA_GetFlagStatus
                0x08000408      0x170 ./system/src/stm32f1-stdperiph/stm32f10x_dma.o
                0x08000408                DMA_GetFlagStatus
 .text.DMA_ClearITPendingBit
                0x08000578       0x40 ./system/src/stm32f1-stdperiph/stm32f10x_dma.o
                0x08000578                DMA_ClearITPendingBit
 .text.GPIO_Init
                0x080005b8      0x128 ./system/src/stm32f1-stdperiph/stm32f10x_gpio.o
                0x080005b8                GPIO_Init
 .text.RCC_APB2PeriphClockCmd
                0x080006e0       0x4c ./system/src/stm32f1-stdperiph/stm32f10x_rcc.o
                0x080006e0                RCC_APB2PeriphClockCmd
 .text.RCC_APB1PeriphClockCmd
                0x0800072c       0x4c ./system/src/stm32f1-stdperiph/stm32f10x_rcc.o
                0x0800072c                RCC_APB1PeriphClockCmd
 .text.SPI_Init
                0x08000778      0x12c ./system/src/stm32f1-stdperiph/stm32f10x_spi.o
                0x08000778                SPI_Init
 .text.SPI_Cmd  0x080008a4       0x58 ./system/src/stm32f1-stdperiph/stm32f10x_spi.o
                0x080008a4                SPI_Cmd
 .text.SPI_I2S_ITConfig
                0x080008fc       0x78 ./system/src/stm32f1-stdperiph/stm32f10x_spi.o
                0x080008fc                SPI_I2S_ITConfig
 .text.SPI_I2S_GetFlagStatus
                0x08000974       0x68 ./system/src/stm32f1-stdperiph/stm32f10x_spi.o
                0x08000974                SPI_I2S_GetFlagStatus
 .text._exit    0x080009dc        0x4 ./system/src/newlib/_exit.o
                0x080009dc                _exit
 .text.abort    0x080009e0       0x14 ./system/src/newlib/_exit.o
                0x080009e0                abort
 .text._sbrk    0x080009f4       0x44 ./system/src/newlib/_sbrk.o
                0x080009f4                _sbrk
 .text.__initialize_args
                0x08000a38       0x10 ./system/src/newlib/_syscalls.o
                0x08000a38                __initialize_args
 .text.assert_failed
                0x08000a48       0x14 ./system/src/newlib/assert.o
                0x08000a48                assert_failed
 .text.trace_printf
                0x08000a5c       0x30 ./system/src/diag/Trace.o
                0x08000a5c                trace_printf
 .text.trace_puts
                0x08000a8c       0x20 ./system/src/diag/Trace.o
                0x08000a8c                trace_puts
 .text._trace_write_semihosting_debug
                0x08000aac       0x64 ./system/src/diag/trace_impl.o
 .text.trace_write
                0x08000b10        0x8 ./system/src/diag/trace_impl.o
                0x08000b10                trace_write
 .text.__initialize_hardware_early
                0x08000b18       0x18 ./system/src/cortexm/_initialize_hardware.o
                0x08000b18                __initialize_hardware_early
 .text.__initialize_hardware
                0x08000b30        0x8 ./system/src/cortexm/_initialize_hardware.o
                0x08000b30                __initialize_hardware
 .text.dumpExceptionStack
                0x08000b38       0xf0 ./system/src/cortexm/exception_handlers.o
                0x08000b38                dumpExceptionStack
 .text.isSemihosting
                0x08000c28       0x20 ./system/src/cortexm/exception_handlers.o
                0x08000c28                isSemihosting
 .text.SetSysClockTo48
                0x08000c48       0xc4 ./system/src/cmsis/system_stm32f10x.o
 .text.SetSysClock
                0x08000d0c        0x8 ./system/src/cmsis/system_stm32f10x.o
 .text.SystemInit
                0x08000d14       0x50 ./system/src/cmsis/system_stm32f10x.o
                0x08000d14                SystemInit
 .text.SystemCoreClockUpdate
                0x08000d64       0x94 ./system/src/cmsis/system_stm32f10x.o
                0x08000d64                SystemCoreClockUpdate
 .text.timer_start
                0x08000df8       0x3c ./src/Timer.o
                0x08000df8                timer_start
 .text.timer_sleep
                0x08000e34       0x14 ./src/Timer.o
                0x08000e34                timer_sleep
 .text.timer_tick
                0x08000e48       0x14 ./src/Timer.o
                0x08000e48                timer_tick
 .text.SysTick_Handler
                0x08000e5c        0x8 ./src/Timer.o
                0x08000e5c                SysTick_Handler
 .text.BUFFER_Init
                0x08000e64       0x40 ./src/buffer.o
                0x08000e64                BUFFER_Init
 .text.BUFFER_GetFree
                0x08000ea4       0x2c ./src/buffer.o
                0x08000ea4                BUFFER_GetFree
 .text.BUFFER_Write
                0x08000ed0       0x84 ./src/buffer.o
                0x08000ed0                BUFFER_Write
 .text.BUFFER_GetFull
                0x08000f54       0x24 ./src/buffer.o
                0x08000f54                BUFFER_GetFull
 .text.BUFFER_Read
                0x08000f78       0x84 ./src/buffer.o
                0x08000f78                BUFFER_Read
 .text.BUFFER_FindElement
                0x08000ffc       0x3c ./src/buffer.o
                0x08000ffc                BUFFER_FindElement
 .text.BUFFER_ReadString
                0x08001038       0x90 ./src/buffer.o
                0x08001038                BUFFER_ReadString
 .text.main     0x080010c8      0x120 ./src/main.o
                0x080010c8                main
 .text.spiInit  0x080011e8       0xcc ./src/spi.o
                0x080011e8                spiInit
 .text.SPI2_IRQHandler
                0x080012b4       0xec ./src/spi.o
                0x080012b4                SPI2_IRQHandler
 .text.DMA1_Channel4_IRQHandler
                0x080013a0       0x4c ./src/spi.o
                0x080013a0                DMA1_Channel4_IRQHandler
 .text.DMA1_Channel5_IRQHandler
                0x080013ec       0x54 ./src/spi.o
                0x080013ec                DMA1_Channel5_IRQHandler
 .text.SPI_TransmitData
                0x08001440       0x80 ./src/spi.o
                0x08001440                SPI_TransmitData
 .text.__errno  0x080014c0        0xc /opt/gcc-arm-none-eabi-5_4-2016q3/bin/../lib/gcc/arm-none-eabi/5.4.1/../../../../arm-none-eabi/lib/armv7-m/libg_nano.a(lib_a-errno.o)
                0x080014c0                __errno
 .text.malloc   0x080014cc       0x10 /opt/gcc-arm-none-eabi-5_4-2016q3/bin/../lib/gcc/arm-none-eabi/5.4.1/../../../../arm-none-eabi/lib/armv7-m/libg_nano.a(lib_a-malloc.o)
                0x080014cc                malloc
 .text.memcpy   0x080014dc       0x16 /opt/gcc-arm-none-eabi-5_4-2016q3/bin/../lib/gcc/arm-none-eabi/5.4.1/../../../../arm-none-eabi/lib/armv7-m/libg_nano.a(lib_a-memcpy-stub.o)
                0x080014dc                memcpy
 .text.memset   0x080014f2       0x10 /opt/gcc-arm-none-eabi-5_4-2016q3/bin/../lib/gcc/arm-none-eabi/5.4.1/../../../../arm-none-eabi/lib/armv7-m/libg_nano.a(lib_a-memset.o)
                0x080014f2                memset
 *fill*         0x08001502        0x2 
 .text._free_r  0x08001504       0x98 /opt/gcc-arm-none-eabi-5_4-2016q3/bin/../lib/gcc/arm-none-eabi/5.4.1/../../../../arm-none-eabi/lib/armv7-m/libg_nano.a(lib_a-nano-freer.o)
                0x08001504                _free_r
 .text._malloc_r
                0x0800159c       0xbc /opt/gcc-arm-none-eabi-5_4-2016q3/bin/../lib/gcc/arm-none-eabi/5.4.1/../../../../arm-none-eabi/lib/armv7-m/libg_nano.a(lib_a-nano-mallocr.o)
                0x0800159c                _malloc_r
 .text._sbrk_r  0x08001658       0x20 /opt/gcc-arm-none-eabi-5_4-2016q3/bin/../lib/gcc/arm-none-eabi/5.4.1/../../../../arm-none-eabi/lib/armv7-m/libg_nano.a(lib_a-sbrkr.o)
                0x08001658                _sbrk_r
 .text          0x08001678       0x10 /opt/gcc-arm-none-eabi-5_4-2016q3/bin/../lib/gcc/arm-none-eabi/5.4.1/../../../../arm-none-eabi/lib/armv7-m/libg_nano.a(lib_a-strlen.o)
                0x08001678                strlen
 .text._vsnprintf_r
                0x08001688       0x56 /opt/gcc-arm-none-eabi-5_4-2016q3/bin/../lib/gcc/arm-none-eabi/5.4.1/../../../../arm-none-eabi/lib/armv7-m/libg_nano.a(lib_a-vsnprintf.o)
                0x08001688                _vsnprintf_r
                0x08001688                _vsniprintf_r
 *fill*         0x080016de        0x2 
 .text.vsnprintf
                0x080016e0       0x1c /opt/gcc-arm-none-eabi-5_4-2016q3/bin/../lib/gcc/arm-none-eabi/5.4.1/../../../../arm-none-eabi/lib/armv7-m/libg_nano.a(lib_a-vsnprintf.o)
                0x080016e0                vsnprintf
                0x080016e0                vsniprintf
 .text.__malloc_lock
                0x080016fc        0x2 /opt/gcc-arm-none-eabi-5_4-2016q3/bin/../lib/gcc/arm-none-eabi/5.4.1/../../../../arm-none-eabi/lib/armv7-m/libg_nano.a(lib_a-mlock.o)
                0x080016fc                __malloc_lock
 .text.__malloc_unlock
                0x080016fe        0x2 /opt/gcc-arm-none-eabi-5_4-2016q3/bin/../lib/gcc/arm-none-eabi/5.4.1/../../../../arm-none-eabi/lib/armv7-m/libg_nano.a(lib_a-mlock.o)
                0x080016fe                __malloc_unlock
 .text.__ssputs_r
                0x08001700       0xb2 /opt/gcc-arm-none-eabi-5_4-2016q3/bin/../lib/gcc/arm-none-eabi/5.4.1/../../../../arm-none-eabi/lib/armv7-m/libg_nano.a(lib_a-nano-svfprintf.o)
                0x08001700                __ssputs_r
 *fill*         0x080017b2        0x2 
 .text._svfprintf_r
                0x080017b4      0x1e8 /opt/gcc-arm-none-eabi-5_4-2016q3/bin/../lib/gcc/arm-none-eabi/5.4.1/../../../../arm-none-eabi/lib/armv7-m/libg_nano.a(lib_a-nano-svfprintf.o)
                0x080017b4                _svfprintf_r
                0x080017b4                _svfiprintf_r
 .text._printf_common
                0x0800199c       0xec /opt/gcc-arm-none-eabi-5_4-2016q3/bin/../lib/gcc/arm-none-eabi/5.4.1/../../../../arm-none-eabi/lib/armv7-m/libg_nano.a(lib_a-nano-vfprintf_i.o)
                0x0800199c                _printf_common
 .text._printf_i
                0x08001a88      0x24c /opt/gcc-arm-none-eabi-5_4-2016q3/bin/../lib/gcc/arm-none-eabi/5.4.1/../../../../arm-none-eabi/lib/armv7-m/libg_nano.a(lib_a-nano-vfprintf_i.o)
                0x08001a88                _printf_i
 .text.memchr   0x08001cd4       0x1c /opt/gcc-arm-none-eabi-5_4-2016q3/bin/../lib/gcc/arm-none-eabi/5.4.1/../../../../arm-none-eabi/lib/armv7-m/libg_nano.a(lib_a-memchr-stub.o)
                0x08001cd4                memchr
 .text.memmove  0x08001cf0       0x36 /opt/gcc-arm-none-eabi-5_4-2016q3/bin/../lib/gcc/arm-none-eabi/5.4.1/../../../../arm-none-eabi/lib/armv7-m/libg_nano.a(lib_a-memmove.o)
                0x08001cf0                memmove
 .text._realloc_r
                0x08001d26       0x4c /opt/gcc-arm-none-eabi-5_4-2016q3/bin/../lib/gcc/arm-none-eabi/5.4.1/../../../../arm-none-eabi/lib/armv7-m/libg_nano.a(lib_a-nano-reallocr.o)
                0x08001d26                _realloc_r
 .text._malloc_usable_size_r
                0x08001d72       0x14 /opt/gcc-arm-none-eabi-5_4-2016q3/bin/../lib/gcc/arm-none-eabi/5.4.1/../../../../arm-none-eabi/lib/armv7-m/libg_nano.a(lib_a-nano-msizer.o)
                0x08001d72                _malloc_usable_size_r
 *(.rodata .rodata.* .constdata .constdata.*)
 *fill*         0x08001d86        0x2 
 .rodata.str1.4
                0x08001d88       0x30 ./system/src/stm32f1-stdperiph/stm32f10x_dma.o
 .rodata.str1.4
                0x08001db8       0x31 ./system/src/stm32f1-stdperiph/stm32f10x_gpio.o
 *fill*         0x08001de9        0x3 
 .rodata.str1.4
                0x08001dec       0x30 ./system/src/stm32f1-stdperiph/stm32f10x_rcc.o
 .rodata.str1.4
                0x08001e1c       0x30 ./system/src/stm32f1-stdperiph/stm32f10x_spi.o
 .rodata.str1.4
                0x08001e4c       0x14 ./system/src/newlib/_exit.o
 .rodata.str1.4
                0x08001e60       0x6b ./system/src/newlib/assert.o
                                 0x6f (size before relaxing)
 *fill*         0x08001ecb        0x1 
 .rodata.str1.4
                0x08001ecc       0x29 ./system/src/diag/Trace.o
                                 0x2d (size before relaxing)
 *fill*         0x08001ef5        0x3 
 .rodata.str1.4
                0x08001ef8      0x146 ./system/src/cortexm/exception_handlers.o
 *fill*         0x0800203e        0x2 
 .rodata.str1.4
                0x08002040      0x230 ./src/main.o
                                0x22e (size before relaxing)
 .rodata.str1.1
                0x08002270       0x11 /opt/gcc-arm-none-eabi-5_4-2016q3/bin/../lib/gcc/arm-none-eabi/5.4.1/../../../../arm-none-eabi/lib/armv7-m/libg_nano.a(lib_a-nano-svfprintf.o)
 .rodata.str1.1
                0x08002281       0x22 /opt/gcc-arm-none-eabi-5_4-2016q3/bin/../lib/gcc/arm-none-eabi/5.4.1/../../../../arm-none-eabi/lib/armv7-m/libg_nano.a(lib_a-nano-vfprintf_i.o)
 *(vtable)
 *(.eh_frame*)
 *(.glue_7)
 .glue_7        0x080022a3        0x0 linker stubs
 *(.glue_7t)
 .glue_7t       0x080022a3        0x0 linker stubs

.vfp11_veneer   0x080022a4        0x0
 .vfp11_veneer  0x080022a4        0x0 linker stubs

.v4_bx          0x080022a4        0x0
 .v4_bx         0x080022a4        0x0 linker stubs

.iplt           0x080022a4        0x0
 .iplt          0x080022a4        0x0 ./system/src/stm32f1-stdperiph/misc.o

.rel.dyn        0x080022a4        0x0
 .rel.iplt      0x080022a4        0x0 ./system/src/stm32f1-stdperiph/misc.o

.ARM.extab
 *(.ARM.extab* .gnu.linkonce.armextab.*)
                0x080022a4                . = ALIGN (0x4)
                0x080022a4                __exidx_start = .

.ARM.exidx
 *(.ARM.exidx* .gnu.linkonce.armexidx.*)
                0x080022a4                __exidx_end = .
                0x080022a4                . = ALIGN (0x4)
                0x080022a4                _etext = .
                0x080022a4                __etext = .

.data_CCMRAM    0x00000000        0x0 load address 0x080022a4
 FILL mask 0xff
 *(.data.CCMRAM .data.CCMRAM.*)
                0x00000000                . = ALIGN (0x4)
                0x080022a4                _sidata = LOADADDR (.data)

.data           0x20000000       0x90 load address 0x080022a4
 FILL mask 0xff
                0x20000000                _sdata = .
                0x20000000                __data_start__ = .
 *(.data_begin .data_begin.*)
 .data_begin    0x20000000        0x4 ./system/src/newlib/_startup.o
 *(.data .data.*)
 .data.argv.4290
                0x20000004        0x8 ./system/src/newlib/_syscalls.o
 .data.AHBPrescTable
                0x2000000c       0x10 ./system/src/cmsis/system_stm32f10x.o
                0x2000000c                AHBPrescTable
 .data.SystemCoreClock
                0x2000001c        0x4 ./system/src/cmsis/system_stm32f10x.o
                0x2000001c                SystemCoreClock
 .data.initMsg  0x20000020        0x4 ./src/main.o
                0x20000020                initMsg
 .data.initMsg2
                0x20000024        0x4 ./src/main.o
                0x20000024                initMsg2
 .data.impure_data
                0x20000028       0x60 /opt/gcc-arm-none-eabi-5_4-2016q3/bin/../lib/gcc/arm-none-eabi/5.4.1/../../../../arm-none-eabi/lib/armv7-m/libg_nano.a(lib_a-impure.o)
 .data._impure_ptr
                0x20000088        0x4 /opt/gcc-arm-none-eabi-5_4-2016q3/bin/../lib/gcc/arm-none-eabi/5.4.1/../../../../arm-none-eabi/lib/armv7-m/libg_nano.a(lib_a-impure.o)
                0x20000088                _impure_ptr
 *(.data_end .data_end.*)
 .data_end      0x2000008c        0x4 ./system/src/newlib/_startup.o
                0x20000090                . = ALIGN (0x4)
                0x20000090                _edata = .
                0x20000090                __data_end__ = .

.igot.plt       0x20000090        0x0 load address 0x08002334
 .igot.plt      0x20000090        0x0 ./system/src/stm32f1-stdperiph/misc.o

.bss_CCMRAM     0x00000000        0x0
 *(.bss.CCMRAM .bss.CCMRAM.*)

.bss            0x20000090      0x6bc
                0x20000090                __bss_start__ = .
                0x20000090                _sbss = .
 *(.bss_begin .bss_begin.*)
 .bss_begin     0x20000090        0x4 ./system/src/newlib/_startup.o
 *(.bss .bss.*)
 .bss.current_heap_end.3974
                0x20000094        0x4 ./system/src/newlib/_sbrk.o
 .bss.name.4289
                0x20000098        0x1 ./system/src/newlib/_syscalls.o
 *fill*         0x20000099        0x3 
 .bss.buf.5179  0x2000009c       0x80 ./system/src/diag/Trace.o
 .bss.rxCplt    0x2000011c        0x1 ./src/main.o
                0x2000011c                rxCplt
 .bss.txCplt    0x2000011d        0x1 ./src/main.o
                0x2000011d                txCplt
 .bss.iTx       0x2000011e        0x2 ./src/spi.o
 .bss.__malloc_sbrk_start
                0x20000120        0x4 /opt/gcc-arm-none-eabi-5_4-2016q3/bin/../lib/gcc/arm-none-eabi/5.4.1/../../../../arm-none-eabi/lib/armv7-m/libg_nano.a(lib_a-nano-mallocr.o)
                0x20000120                __malloc_sbrk_start
 .bss.__malloc_free_list
                0x20000124        0x4 /opt/gcc-arm-none-eabi-5_4-2016q3/bin/../lib/gcc/arm-none-eabi/5.4.1/../../../../arm-none-eabi/lib/armv7-m/libg_nano.a(lib_a-nano-mallocr.o)
                0x20000124                __malloc_free_list
 *(COMMON)
 COMMON         0x20000128        0x4 ./system/src/newlib/_syscalls.o
                0x20000128                errno
 COMMON         0x2000012c        0x4 ./src/Timer.o
                0x2000012c                timer_delayCount
 COMMON         0x20000130      0x618 ./src/spi.o
                0x20000130                txBuf
                0x20000330                testBuf
                0x20000530                rxBuf
                0x20000730                rxBuffer
 *(.bss_end .bss_end.*)
 .bss_end       0x20000748        0x4 ./system/src/newlib/_startup.o
                0x2000074c                . = ALIGN (0x4)
                0x2000074c                __bss_end__ = .
                0x2000074c                _ebss = .

.noinit_CCMRAM
 *(.noinit.CCMRAM .noinit.CCMRAM.*)

.noinit         0x2000074c        0x0
                0x2000074c                _noinit = .
 *(.noinit .noinit.*)
                0x2000074c                . = ALIGN (0x4)
                0x2000074c                _end_noinit = .
                [!provide]                PROVIDE (end, _end_noinit)
                [!provide]                PROVIDE (_end, _end_noinit)
                [!provide]                PROVIDE (__end, _end_noinit)
                [!provide]                PROVIDE (__end__, _end_noinit)

._check_stack   0x2000074c      0x100
                0x2000084c                . = (. + _Minimum_Stack_Size)
 *fill*         0x2000074c      0x100 

.b1text
 *(.b1text)
 *(.b1rodata)
 *(.b1rodata.*)

.eb0text
 *(.eb0text)
 *(.eb0rodata)
 *(.eb0rodata.*)

.eb1text
 *(.eb1text)
 *(.eb1rodata)
 *(.eb1rodata.*)

.eb2text
 *(.eb2text)
 *(.eb2rodata)
 *(.eb2rodata.*)

.eb3text
 *(.eb3text)
 *(.eb3rodata)
 *(.eb3rodata.*)

.stab
 *(.stab)

.stabstr
 *(.stabstr)

.stab.excl
 *(.stab.excl)

.stab.exclstr
 *(.stab.exclstr)

.stab.index
 *(.stab.index)

.stab.indexstr
 *(.stab.indexstr)

.comment        0x00000000       0x6e
 *(.comment)
 .comment       0x00000000       0x6e ./system/src/stm32f1-stdperiph/stm32f10x_dma.o
                                 0x6f (size before relaxing)
 .comment       0x0000006e       0x6f ./system/src/stm32f1-stdperiph/stm32f10x_gpio.o
 .comment       0x0000006e       0x6f ./system/src/stm32f1-stdperiph/stm32f10x_rcc.o
 .comment       0x0000006e       0x6f ./system/src/stm32f1-stdperiph/stm32f10x_spi.o
 .comment       0x0000006e       0x6f ./system/src/newlib/_exit.o
 .comment       0x0000006e       0x6f ./system/src/newlib/_sbrk.o
 .comment       0x0000006e       0x6f ./system/src/newlib/_startup.o
 .comment       0x0000006e       0x6f ./system/src/newlib/_syscalls.o
 .comment       0x0000006e       0x6f ./system/src/newlib/assert.o
 .comment       0x0000006e       0x6f ./system/src/diag/Trace.o
 .comment       0x0000006e       0x6f ./system/src/diag/trace_impl.o
 .comment       0x0000006e       0x6f ./system/src/cortexm/_initialize_hardware.o
 .comment       0x0000006e       0x6f ./system/src/cortexm/exception_handlers.o
 .comment       0x0000006e       0x6f ./system/src/cmsis/system_stm32f10x.o
 .comment       0x0000006e       0x6f ./system/src/cmsis/vectors_stm32f10x.o
 .comment       0x0000006e       0x6f ./src/Timer.o
 .comment       0x0000006e       0x6f ./src/buffer.o
 .comment       0x0000006e       0x6f ./src/main.o
 .comment       0x0000006e       0x6f ./src/spi.o

.ARM.attributes
                0x00000000       0x31
 .ARM.attributes
                0x00000000       0x33 ./system/src/stm32f1-stdperiph/stm32f10x_dma.o
 .ARM.attributes
                0x00000033       0x33 ./system/src/stm32f1-stdperiph/stm32f10x_gpio.o
 .ARM.attributes
                0x00000066       0x33 ./system/src/stm32f1-stdperiph/stm32f10x_rcc.o
 .ARM.attributes
                0x00000099       0x33 ./system/src/stm32f1-stdperiph/stm32f10x_spi.o
 .ARM.attributes
                0x000000cc       0x33 ./system/src/newlib/_exit.o
 .ARM.attributes
                0x000000ff       0x33 ./system/src/newlib/_sbrk.o
 .ARM.attributes
                0x00000132       0x33 ./system/src/newlib/_startup.o
 .ARM.attributes
                0x00000165       0x33 ./system/src/newlib/_syscalls.o
 .ARM.attributes
                0x00000198       0x33 ./system/src/newlib/assert.o
 .ARM.attributes
                0x000001cb       0x33 ./system/src/diag/Trace.o
 .ARM.attributes
                0x000001fe       0x33 ./system/src/diag/trace_impl.o
 .ARM.attributes
                0x00000231       0x33 ./system/src/cortexm/_initialize_hardware.o
 .ARM.attributes
                0x00000264       0x33 ./system/src/cortexm/exception_handlers.o
 .ARM.attributes
                0x00000297       0x33 ./system/src/cmsis/system_stm32f10x.o
 .ARM.attributes
                0x000002ca       0x33 ./system/src/cmsis/vectors_stm32f10x.o
 .ARM.attributes
                0x000002fd       0x33 ./src/Timer.o
 .ARM.attributes
                0x00000330       0x33 ./src/buffer.o
 .ARM.attributes
                0x00000363       0x33 ./src/main.o
 .ARM.attributes
                0x00000396       0x33 ./src/spi.o
 .ARM.attributes
                0x000003c9       0x2d /opt/gcc-arm-none-eabi-5_4-2016q3/bin/../lib/gcc/arm-none-eabi/5.4.1/../../../../arm-none-eabi/lib/armv7-m/libg_nano.a(lib_a-errno.o)
 .ARM.attributes
                0x000003f6       0x2d /opt/gcc-arm-none-eabi-5_4-2016q3/bin/../lib/gcc/arm-none-eabi/5.4.1/../../../../arm-none-eabi/lib/armv7-m/libg_nano.a(lib_a-impure.o)
 .ARM.attributes
                0x00000423       0x2d /opt/gcc-arm-none-eabi-5_4-2016q3/bin/../lib/gcc/arm-none-eabi/5.4.1/../../../../arm-none-eabi/lib/armv7-m/libg_nano.a(lib_a-malloc.o)
 .ARM.attributes
                0x00000450       0x2d /opt/gcc-arm-none-eabi-5_4-2016q3/bin/../lib/gcc/arm-none-eabi/5.4.1/../../../../arm-none-eabi/lib/armv7-m/libg_nano.a(lib_a-memcpy-stub.o)
 .ARM.attributes
                0x0000047d       0x2d /opt/gcc-arm-none-eabi-5_4-2016q3/bin/../lib/gcc/arm-none-eabi/5.4.1/../../../../arm-none-eabi/lib/armv7-m/libg_nano.a(lib_a-memset.o)
 .ARM.attributes
                0x000004aa       0x2d /opt/gcc-arm-none-eabi-5_4-2016q3/bin/../lib/gcc/arm-none-eabi/5.4.1/../../../../arm-none-eabi/lib/armv7-m/libg_nano.a(lib_a-nano-freer.o)
 .ARM.attributes
                0x000004d7       0x2d /opt/gcc-arm-none-eabi-5_4-2016q3/bin/../lib/gcc/arm-none-eabi/5.4.1/../../../../arm-none-eabi/lib/armv7-m/libg_nano.a(lib_a-nano-mallocr.o)
 .ARM.attributes
                0x00000504       0x2d /opt/gcc-arm-none-eabi-5_4-2016q3/bin/../lib/gcc/arm-none-eabi/5.4.1/../../../../arm-none-eabi/lib/armv7-m/libg_nano.a(lib_a-sbrkr.o)
 .ARM.attributes
                0x00000531       0x17 /opt/gcc-arm-none-eabi-5_4-2016q3/bin/../lib/gcc/arm-none-eabi/5.4.1/../../../../arm-none-eabi/lib/armv7-m/libg_nano.a(lib_a-strlen.o)
 .ARM.attributes
                0x00000548       0x2d /opt/gcc-arm-none-eabi-5_4-2016q3/bin/../lib/gcc/arm-none-eabi/5.4.1/../../../../arm-none-eabi/lib/armv7-m/libg_nano.a(lib_a-vsnprintf.o)
 .ARM.attributes
                0x00000575       0x2d /opt/gcc-arm-none-eabi-5_4-2016q3/bin/../lib/gcc/arm-none-eabi/5.4.1/../../../../arm-none-eabi/lib/armv7-m/libg_nano.a(lib_a-mlock.o)
 .ARM.attributes
                0x000005a2       0x2d /opt/gcc-arm-none-eabi-5_4-2016q3/bin/../lib/gcc/arm-none-eabi/5.4.1/../../../../arm-none-eabi/lib/armv7-m/libg_nano.a(lib_a-nano-svfprintf.o)
 .ARM.attributes
                0x000005cf       0x2d /opt/gcc-arm-none-eabi-5_4-2016q3/bin/../lib/gcc/arm-none-eabi/5.4.1/../../../../arm-none-eabi/lib/armv7-m/libg_nano.a(lib_a-nano-vfprintf_i.o)
 .ARM.attributes
                0x000005fc       0x2d /opt/gcc-arm-none-eabi-5_4-2016q3/bin/../lib/gcc/arm-none-eabi/5.4.1/../../../../arm-none-eabi/lib/armv7-m/libg_nano.a(lib_a-memchr-stub.o)
 .ARM.attributes
                0x00000629       0x2d /opt/gcc-arm-none-eabi-5_4-2016q3/bin/../lib/gcc/arm-none-eabi/5.4.1/../../../../arm-none-eabi/lib/armv7-m/libg_nano.a(lib_a-memmove.o)
 .ARM.attributes
                0x00000656       0x2d /opt/gcc-arm-none-eabi-5_4-2016q3/bin/../lib/gcc/arm-none-eabi/5.4.1/../../../../arm-none-eabi/lib/armv7-m/libg_nano.a(lib_a-nano-reallocr.o)
 .ARM.attributes
                0x00000683       0x2d /opt/gcc-arm-none-eabi-5_4-2016q3/bin/../lib/gcc/arm-none-eabi/5.4.1/../../../../arm-none-eabi/lib/armv7-m/libg_nano.a(lib_a-nano-msizer.o)

.debug
 *(.debug)

.line
 *(.line)

.debug_srcinfo
 *(.debug_srcinfo)

.debug_sfnames
 *(.debug_sfnames)

.debug_aranges  0x00000000      0x688
 *(.debug_aranges)
 .debug_aranges
                0x00000000       0x70 ./system/src/stm32f1-stdperiph/stm32f10x_dma.o
 .debug_aranges
                0x00000070       0xa8 ./system/src/stm32f1-stdperiph/stm32f10x_gpio.o
 .debug_aranges
                0x00000118      0x118 ./system/src/stm32f1-stdperiph/stm32f10x_rcc.o
 .debug_aranges
                0x00000230       0xd0 ./system/src/stm32f1-stdperiph/stm32f10x_spi.o
 .debug_aranges
                0x00000300       0x28 ./system/src/newlib/_exit.o
 .debug_aranges
                0x00000328       0x20 ./system/src/newlib/_sbrk.o
 .debug_aranges
                0x00000348       0x40 ./system/src/newlib/_startup.o
 .debug_aranges
                0x00000388       0x30 ./system/src/newlib/_syscalls.o
 .debug_aranges
                0x000003b8       0x28 ./system/src/newlib/assert.o
 .debug_aranges
                0x000003e0       0x38 ./system/src/diag/Trace.o
 .debug_aranges
                0x00000418       0x30 ./system/src/diag/trace_impl.o
 .debug_aranges
                0x00000448       0x28 ./system/src/cortexm/_initialize_hardware.o
 .debug_aranges
                0x00000470       0x90 ./system/src/cortexm/exception_handlers.o
 .debug_aranges
                0x00000500       0x38 ./system/src/cmsis/system_stm32f10x.o
 .debug_aranges
                0x00000538       0x20 ./system/src/cmsis/vectors_stm32f10x.o
 .debug_aranges
                0x00000558       0x38 ./src/Timer.o
 .debug_aranges
                0x00000590       0x80 ./src/buffer.o
 .debug_aranges
                0x00000610       0x20 ./src/main.o
 .debug_aranges
                0x00000630       0x58 ./src/spi.o

.debug_pubnames
 *(.debug_pubnames)

.debug_info     0x00000000     0x713a
 *(.debug_info .gnu.linkonce.wi.*)
 .debug_info    0x00000000      0x6ec ./system/src/stm32f1-stdperiph/stm32f10x_dma.o
 .debug_info    0x000006ec      0xbcb ./system/src/stm32f1-stdperiph/stm32f10x_gpio.o
 .debug_info    0x000012b7      0xc70 ./system/src/stm32f1-stdperiph/stm32f10x_rcc.o
 .debug_info    0x00001f27      0xf9e ./system/src/stm32f1-stdperiph/stm32f10x_spi.o
 .debug_info    0x00002ec5       0xef ./system/src/newlib/_exit.o
 .debug_info    0x00002fb4      0x11f ./system/src/newlib/_sbrk.o
 .debug_info    0x000030d3      0x454 ./system/src/newlib/_startup.o
 .debug_info    0x00003527      0x1c7 ./system/src/newlib/_syscalls.o
 .debug_info    0x000036ee      0x1a3 ./system/src/newlib/assert.o
 .debug_info    0x00003891      0x2e7 ./system/src/diag/Trace.o
 .debug_info    0x00003b78      0x30a ./system/src/diag/trace_impl.o
 .debug_info    0x00003e82      0x2b1 ./system/src/cortexm/_initialize_hardware.o
 .debug_info    0x00004133      0x8da ./system/src/cortexm/exception_handlers.o
 .debug_info    0x00004a0d      0x497 ./system/src/cmsis/system_stm32f10x.o
 .debug_info    0x00004ea4       0xd1 ./system/src/cmsis/vectors_stm32f10x.o
 .debug_info    0x00004f75      0x637 ./src/Timer.o
 .debug_info    0x000055ac      0x7a2 ./src/buffer.o
 .debug_info    0x00005d4e      0x57f ./src/main.o
 .debug_info    0x000062cd      0xe6d ./src/spi.o

.debug_abbrev   0x00000000     0x1c05
 *(.debug_abbrev)
 .debug_abbrev  0x00000000      0x1a0 ./system/src/stm32f1-stdperiph/stm32f10x_dma.o
 .debug_abbrev  0x000001a0      0x1f4 ./system/src/stm32f1-stdperiph/stm32f10x_gpio.o
 .debug_abbrev  0x00000394      0x1f8 ./system/src/stm32f1-stdperiph/stm32f10x_rcc.o
 .debug_abbrev  0x0000058c      0x1cf ./system/src/stm32f1-stdperiph/stm32f10x_spi.o
 .debug_abbrev  0x0000075b       0x8e ./system/src/newlib/_exit.o
 .debug_abbrev  0x000007e9       0xb9 ./system/src/newlib/_sbrk.o
 .debug_abbrev  0x000008a2      0x1ac ./system/src/newlib/_startup.o
 .debug_abbrev  0x00000a4e       0xec ./system/src/newlib/_syscalls.o
 .debug_abbrev  0x00000b3a       0xab ./system/src/newlib/assert.o
 .debug_abbrev  0x00000be5      0x156 ./system/src/diag/Trace.o
 .debug_abbrev  0x00000d3b      0x1c8 ./system/src/diag/trace_impl.o
 .debug_abbrev  0x00000f03       0xea ./system/src/cortexm/_initialize_hardware.o
 .debug_abbrev  0x00000fed      0x247 ./system/src/cortexm/exception_handlers.o
 .debug_abbrev  0x00001234      0x159 ./system/src/cmsis/system_stm32f10x.o
 .debug_abbrev  0x0000138d       0x9d ./system/src/cmsis/vectors_stm32f10x.o
 .debug_abbrev  0x0000142a      0x1c0 ./src/Timer.o
 .debug_abbrev  0x000015ea      0x1b9 ./src/buffer.o
 .debug_abbrev  0x000017a3      0x1b6 ./src/main.o
 .debug_abbrev  0x00001959      0x2ac ./src/spi.o

.debug_line     0x00000000     0x5ce0
 *(.debug_line)
 .debug_line    0x00000000      0x84e ./system/src/stm32f1-stdperiph/stm32f10x_dma.o
 .debug_line    0x0000084e      0x8d5 ./system/src/stm32f1-stdperiph/stm32f10x_gpio.o
 .debug_line    0x00001123      0x81f ./system/src/stm32f1-stdperiph/stm32f10x_rcc.o
 .debug_line    0x00001942      0x873 ./system/src/stm32f1-stdperiph/stm32f10x_spi.o
 .debug_line    0x000021b5      0x2e0 ./system/src/newlib/_exit.o
 .debug_line    0x00002495      0x292 ./system/src/newlib/_sbrk.o
 .debug_line    0x00002727      0x348 ./system/src/newlib/_startup.o
 .debug_line    0x00002a6f      0x396 ./system/src/newlib/_syscalls.o
 .debug_line    0x00002e05      0x31b ./system/src/newlib/assert.o
 .debug_line    0x00003120      0x34c ./system/src/diag/Trace.o
 .debug_line    0x0000346c      0x5c6 ./system/src/diag/trace_impl.o
 .debug_line    0x00003a32      0x35c ./system/src/cortexm/_initialize_hardware.o
 .debug_line    0x00003d8e      0x670 ./system/src/cortexm/exception_handlers.o
 .debug_line    0x000043fe      0x3ba ./system/src/cmsis/system_stm32f10x.o
 .debug_line    0x000047b8       0xec ./system/src/cmsis/vectors_stm32f10x.o
 .debug_line    0x000048a4      0x3af ./src/Timer.o
 .debug_line    0x00004c53      0x479 ./src/buffer.o
 .debug_line    0x000050cc      0x607 ./src/main.o
 .debug_line    0x000056d3      0x60d ./src/spi.o

.debug_frame    0x00000000     0x13d8
 *(.debug_frame)
 .debug_frame   0x00000000      0x120 ./system/src/stm32f1-stdperiph/stm32f10x_dma.o
 .debug_frame   0x00000120      0x1e8 ./system/src/stm32f1-stdperiph/stm32f10x_gpio.o
 .debug_frame   0x00000308      0x31c ./system/src/stm32f1-stdperiph/stm32f10x_rcc.o
 .debug_frame   0x00000624      0x278 ./system/src/stm32f1-stdperiph/stm32f10x_spi.o
 .debug_frame   0x0000089c       0x38 ./system/src/newlib/_exit.o
 .debug_frame   0x000008d4       0x28 ./system/src/newlib/_sbrk.o
 .debug_frame   0x000008fc       0x7c ./system/src/newlib/_startup.o
 .debug_frame   0x00000978       0x50 ./system/src/newlib/_syscalls.o
 .debug_frame   0x000009c8       0x40 ./system/src/newlib/assert.o
 .debug_frame   0x00000a08       0x94 ./system/src/diag/Trace.o
 .debug_frame   0x00000a9c       0x60 ./system/src/diag/trace_impl.o
 .debug_frame   0x00000afc       0x40 ./system/src/cortexm/_initialize_hardware.o
 .debug_frame   0x00000b3c      0x158 ./system/src/cortexm/exception_handlers.o
 .debug_frame   0x00000c94       0x68 ./system/src/cmsis/system_stm32f10x.o
 .debug_frame   0x00000cfc       0x20 ./system/src/cmsis/vectors_stm32f10x.o
 .debug_frame   0x00000d1c       0x58 ./src/Timer.o
 .debug_frame   0x00000d74      0x200 ./src/buffer.o
 .debug_frame   0x00000f74       0x2c ./src/main.o
 .debug_frame   0x00000fa0       0xfc ./src/spi.o
 .debug_frame   0x0000109c       0x20 /opt/gcc-arm-none-eabi-5_4-2016q3/bin/../lib/gcc/arm-none-eabi/5.4.1/../../../../arm-none-eabi/lib/armv7-m/libg_nano.a(lib_a-errno.o)
 .debug_frame   0x000010bc       0x30 /opt/gcc-arm-none-eabi-5_4-2016q3/bin/../lib/gcc/arm-none-eabi/5.4.1/../../../../arm-none-eabi/lib/armv7-m/libg_nano.a(lib_a-malloc.o)
 .debug_frame   0x000010ec       0x28 /opt/gcc-arm-none-eabi-5_4-2016q3/bin/../lib/gcc/arm-none-eabi/5.4.1/../../../../arm-none-eabi/lib/armv7-m/libg_nano.a(lib_a-memcpy-stub.o)
 .debug_frame   0x00001114       0x20 /opt/gcc-arm-none-eabi-5_4-2016q3/bin/../lib/gcc/arm-none-eabi/5.4.1/../../../../arm-none-eabi/lib/armv7-m/libg_nano.a(lib_a-memset.o)
 .debug_frame   0x00001134       0x38 /opt/gcc-arm-none-eabi-5_4-2016q3/bin/../lib/gcc/arm-none-eabi/5.4.1/../../../../arm-none-eabi/lib/armv7-m/libg_nano.a(lib_a-nano-freer.o)
 .debug_frame   0x0000116c       0x2c /opt/gcc-arm-none-eabi-5_4-2016q3/bin/../lib/gcc/arm-none-eabi/5.4.1/../../../../arm-none-eabi/lib/armv7-m/libg_nano.a(lib_a-nano-mallocr.o)
 .debug_frame   0x00001198       0x2c /opt/gcc-arm-none-eabi-5_4-2016q3/bin/../lib/gcc/arm-none-eabi/5.4.1/../../../../arm-none-eabi/lib/armv7-m/libg_nano.a(lib_a-sbrkr.o)
 .debug_frame   0x000011c4       0x48 /opt/gcc-arm-none-eabi-5_4-2016q3/bin/../lib/gcc/arm-none-eabi/5.4.1/../../../../arm-none-eabi/lib/armv7-m/libg_nano.a(lib_a-vsnprintf.o)
 .debug_frame   0x0000120c       0x30 /opt/gcc-arm-none-eabi-5_4-2016q3/bin/../lib/gcc/arm-none-eabi/5.4.1/../../../../arm-none-eabi/lib/armv7-m/libg_nano.a(lib_a-mlock.o)
 .debug_frame   0x0000123c       0x90 /opt/gcc-arm-none-eabi-5_4-2016q3/bin/../lib/gcc/arm-none-eabi/5.4.1/../../../../arm-none-eabi/lib/armv7-m/libg_nano.a(lib_a-nano-svfprintf.o)
 .debug_frame   0x000012cc       0x60 /opt/gcc-arm-none-eabi-5_4-2016q3/bin/../lib/gcc/arm-none-eabi/5.4.1/../../../../arm-none-eabi/lib/armv7-m/libg_nano.a(lib_a-nano-vfprintf_i.o)
 .debug_frame   0x0000132c       0x28 /opt/gcc-arm-none-eabi-5_4-2016q3/bin/../lib/gcc/arm-none-eabi/5.4.1/../../../../arm-none-eabi/lib/armv7-m/libg_nano.a(lib_a-memchr-stub.o)
 .debug_frame   0x00001354       0x28 /opt/gcc-arm-none-eabi-5_4-2016q3/bin/../lib/gcc/arm-none-eabi/5.4.1/../../../../arm-none-eabi/lib/armv7-m/libg_nano.a(lib_a-memmove.o)
 .debug_frame   0x0000137c       0x3c /opt/gcc-arm-none-eabi-5_4-2016q3/bin/../lib/gcc/arm-none-eabi/5.4.1/../../../../arm-none-eabi/lib/armv7-m/libg_nano.a(lib_a-nano-reallocr.o)
 .debug_frame   0x000013b8       0x20 /opt/gcc-arm-none-eabi-5_4-2016q3/bin/../lib/gcc/arm-none-eabi/5.4.1/../../../../arm-none-eabi/lib/armv7-m/libg_nano.a(lib_a-nano-msizer.o)

.debug_str      0x00000000    0x573a2
 *(.debug_str)
 .debug_str     0x00000000    0x4e4b1 ./system/src/stm32f1-stdperiph/stm32f10x_dma.o
                              0x4e658 (size before relaxing)
 .debug_str     0x0004e4b1      0x5cd ./system/src/stm32f1-stdperiph/stm32f10x_gpio.o
                              0x4e52d (size before relaxing)
 .debug_str     0x0004ea7e      0xb45 ./system/src/stm32f1-stdperiph/stm32f10x_rcc.o
                              0x4eafc (size before relaxing)
 .debug_str     0x0004f5c3      0x61f ./system/src/stm32f1-stdperiph/stm32f10x_spi.o
                              0x4e656 (size before relaxing)
 .debug_str     0x0004fbe2     0x482f ./system/src/newlib/_exit.o
                               0x6eab (size before relaxing)
 .debug_str     0x00054411      0x4de ./system/src/newlib/_sbrk.o
                               0x6296 (size before relaxing)
 .debug_str     0x000548ef      0x266 ./system/src/newlib/_startup.o
                               0x5e4b (size before relaxing)
 .debug_str     0x00054b55      0xe18 ./system/src/newlib/_syscalls.o
                               0x70f6 (size before relaxing)
 .debug_str     0x0005596d       0xd5 ./system/src/newlib/assert.o
                               0x79b0 (size before relaxing)
 .debug_str     0x00055a42      0x883 ./system/src/diag/Trace.o
                               0x769b (size before relaxing)
 .debug_str     0x000562c5      0x381 ./system/src/diag/trace_impl.o
                              0x51e5d (size before relaxing)
 .debug_str     0x00056646       0xb2 ./system/src/cortexm/_initialize_hardware.o
                              0x4e017 (size before relaxing)
 .debug_str     0x000566f8      0x19d ./system/src/cortexm/exception_handlers.o
                              0x52c1f (size before relaxing)
 .debug_str     0x00056895       0xa6 ./system/src/cmsis/system_stm32f10x.o
                              0x4e0c1 (size before relaxing)
 .debug_str     0x0005693b       0x57 ./system/src/cmsis/vectors_stm32f10x.o
                               0x3066 (size before relaxing)
 .debug_str     0x00056992      0x3c2 ./src/Timer.o
                              0x4e3dc (size before relaxing)
 .debug_str     0x00056d54      0x21a ./src/buffer.o
                               0x602f (size before relaxing)
 .debug_str     0x00056f6e      0x36b ./src/main.o
                              0x534ea (size before relaxing)
 .debug_str     0x000572d9       0xc9 ./src/spi.o
                              0x51898 (size before relaxing)

.debug_loc      0x00000000     0x34bc
 *(.debug_loc)
 .debug_loc     0x00000000      0x373 ./system/src/stm32f1-stdperiph/stm32f10x_dma.o
 .debug_loc     0x00000373      0x776 ./system/src/stm32f1-stdperiph/stm32f10x_gpio.o
 .debug_loc     0x00000ae9      0x91f ./system/src/stm32f1-stdperiph/stm32f10x_rcc.o
 .debug_loc     0x00001408      0x9aa ./system/src/stm32f1-stdperiph/stm32f10x_spi.o
 .debug_loc     0x00001db2       0x82 ./system/src/newlib/_sbrk.o
 .debug_loc     0x00001e34      0x265 ./system/src/newlib/_startup.o
 .debug_loc     0x00002099       0x63 ./system/src/newlib/_syscalls.o
 .debug_loc     0x000020fc      0x110 ./system/src/newlib/assert.o
 .debug_loc     0x0000220c      0x102 ./system/src/diag/Trace.o
 .debug_loc     0x0000230e      0x17c ./system/src/diag/trace_impl.o
 .debug_loc     0x0000248a      0x2a8 ./system/src/cortexm/exception_handlers.o
 .debug_loc     0x00002732       0xdf ./system/src/cmsis/system_stm32f10x.o
 .debug_loc     0x00002811       0x59 ./src/Timer.o
 .debug_loc     0x0000286a      0xa66 ./src/buffer.o
 .debug_loc     0x000032d0       0x86 ./src/main.o
 .debug_loc     0x00003356      0x166 ./src/spi.o

.debug_macinfo
 *(.debug_macinfo)

.debug_weaknames
 *(.debug_weaknames)

.debug_funcnames
 *(.debug_funcnames)

.debug_typenames
 *(.debug_typenames)

.debug_varnames
 *(.debug_varnames)
OUTPUT(spi.f1.elf elf32-littlearm)

.debug_ranges   0x00000000      0x5a0
 .debug_ranges  0x00000000       0x60 ./system/src/stm32f1-stdperiph/stm32f10x_dma.o
 .debug_ranges  0x00000060       0x98 ./system/src/stm32f1-stdperiph/stm32f10x_gpio.o
 .debug_ranges  0x000000f8      0x108 ./system/src/stm32f1-stdperiph/stm32f10x_rcc.o
 .debug_ranges  0x00000200       0xc0 ./system/src/stm32f1-stdperiph/stm32f10x_spi.o
 .debug_ranges  0x000002c0       0x18 ./system/src/newlib/_exit.o
 .debug_ranges  0x000002d8       0x10 ./system/src/newlib/_sbrk.o
 .debug_ranges  0x000002e8       0x48 ./system/src/newlib/_startup.o
 .debug_ranges  0x00000330       0x20 ./system/src/newlib/_syscalls.o
 .debug_ranges  0x00000350       0x18 ./system/src/newlib/assert.o
 .debug_ranges  0x00000368       0x28 ./system/src/diag/Trace.o
 .debug_ranges  0x00000390       0x38 ./system/src/diag/trace_impl.o
 .debug_ranges  0x000003c8       0x18 ./system/src/cortexm/_initialize_hardware.o
 .debug_ranges  0x000003e0       0x98 ./system/src/cortexm/exception_handlers.o
 .debug_ranges  0x00000478       0x28 ./system/src/cmsis/system_stm32f10x.o
 .debug_ranges  0x000004a0       0x10 ./system/src/cmsis/vectors_stm32f10x.o
 .debug_ranges  0x000004b0       0x28 ./src/Timer.o
 .debug_ranges  0x000004d8       0x70 ./src/buffer.o
 .debug_ranges  0x00000548       0x10 ./src/main.o
 .debug_ranges  0x00000558       0x48 ./src/spi.o

.debug_macro    0x00000000     0x4611
 .debug_macro   0x00000000      0x1bf ./system/src/stm32f1-stdperiph/stm32f10x_dma.o
 .debug_macro   0x000001bf       0x8b ./system/src/stm32f1-stdperiph/stm32f10x_dma.o
 .debug_macro   0x0000024a      0x3a7 ./system/src/stm32f1-stdperiph/stm32f10x_dma.o
 .debug_macro   0x000005f1      0x1b9 ./system/src/stm32f1-stdperiph/stm32f10x_gpio.o
 .debug_macro   0x000007aa      0x2a6 ./system/src/stm32f1-stdperiph/stm32f10x_gpio.o
 .debug_macro   0x00000a50      0x287 ./system/src/stm32f1-stdperiph/stm32f10x_rcc.o
 .debug_macro   0x00000cd7      0x3dc ./system/src/stm32f1-stdperiph/stm32f10x_rcc.o
 .debug_macro   0x000010b3      0x1d1 ./system/src/stm32f1-stdperiph/stm32f10x_spi.o
 .debug_macro   0x00001284      0x2be ./system/src/stm32f1-stdperiph/stm32f10x_spi.o
 .debug_macro   0x00001542      0x19c ./system/src/newlib/_exit.o
 .debug_macro   0x000016de       0x9c ./system/src/newlib/_exit.o
 .debug_macro   0x0000177a      0x10e ./system/src/newlib/_exit.o
 .debug_macro   0x00001888       0x8d ./system/src/newlib/_exit.o
 .debug_macro   0x00001915       0x43 ./system/src/newlib/_exit.o
 .debug_macro   0x00001958      0x30d ./system/src/newlib/_exit.o
 .debug_macro   0x00001c65       0x35 ./system/src/newlib/_exit.o
 .debug_macro   0x00001c9a      0x151 ./system/src/newlib/_sbrk.o
 .debug_macro   0x00001deb      0x174 ./system/src/newlib/_sbrk.o
 .debug_macro   0x00001f5f       0x10 ./system/src/newlib/_sbrk.o
 .debug_macro   0x00001f6f      0x23b ./system/src/newlib/_sbrk.o
 .debug_macro   0x000021aa      0x15b ./system/src/newlib/_startup.o
 .debug_macro   0x00002305      0x1ff ./system/src/newlib/_syscalls.o
 .debug_macro   0x00002504       0x1c ./system/src/newlib/_syscalls.o
 .debug_macro   0x00002520       0x10 ./system/src/newlib/_syscalls.o
 .debug_macro   0x00002530       0x10 ./system/src/newlib/_syscalls.o
 .debug_macro   0x00002540       0x10 ./system/src/newlib/_syscalls.o
 .debug_macro   0x00002550       0x35 ./system/src/newlib/_syscalls.o
 .debug_macro   0x00002585      0x122 ./system/src/newlib/_syscalls.o
 .debug_macro   0x000026a7       0x88 ./system/src/newlib/_syscalls.o
 .debug_macro   0x0000272f       0x2b ./system/src/newlib/_syscalls.o
 .debug_macro   0x0000275a      0x118 ./system/src/newlib/_syscalls.o
 .debug_macro   0x00002872      0x159 ./system/src/newlib/_syscalls.o
 .debug_macro   0x000029cb       0x16 ./system/src/newlib/_syscalls.o
 .debug_macro   0x000029e1      0x1b8 ./system/src/newlib/assert.o
 .debug_macro   0x00002b99       0x1c ./system/src/newlib/assert.o
 .debug_macro   0x00002bb5      0x1d9 ./system/src/diag/Trace.o
 .debug_macro   0x00002d8e       0x16 ./system/src/diag/Trace.o
 .debug_macro   0x00002da4       0x97 ./system/src/diag/Trace.o
 .debug_macro   0x00002e3b       0xfd ./system/src/diag/Trace.o
 .debug_macro   0x00002f38       0x10 ./system/src/diag/Trace.o
 .debug_macro   0x00002f48       0x16 ./system/src/diag/Trace.o
 .debug_macro   0x00002f5e      0x18b ./system/src/diag/Trace.o
 .debug_macro   0x000030e9       0x4c ./system/src/diag/Trace.o
 .debug_macro   0x00003135       0x16 ./system/src/diag/Trace.o
 .debug_macro   0x0000314b      0x2c2 ./system/src/diag/trace_impl.o
 .debug_macro   0x0000340d       0x10 ./system/src/diag/trace_impl.o
 .debug_macro   0x0000341d       0xcf ./system/src/diag/trace_impl.o
 .debug_macro   0x000034ec       0xbe ./system/src/diag/trace_impl.o
 .debug_macro   0x000035aa       0x22 ./system/src/diag/trace_impl.o
 .debug_macro   0x000035cc      0x16b ./system/src/cortexm/_initialize_hardware.o
 .debug_macro   0x00003737      0x302 ./system/src/cortexm/exception_handlers.o
 .debug_macro   0x00003a39       0x3b ./system/src/cortexm/exception_handlers.o
 .debug_macro   0x00003a74       0x10 ./system/src/cortexm/exception_handlers.o
 .debug_macro   0x00003a84      0x16e ./system/src/cmsis/system_stm32f10x.o
 .debug_macro   0x00003bf2       0x34 ./system/src/cmsis/vectors_stm32f10x.o
 .debug_macro   0x00003c26      0x184 ./src/Timer.o
 .debug_macro   0x00003daa       0x10 ./src/Timer.o
 .debug_macro   0x00003dba      0x13a ./src/buffer.o
 .debug_macro   0x00003ef4       0x29 ./src/buffer.o
 .debug_macro   0x00003f1d      0x39f ./src/main.o
 .debug_macro   0x000042bc       0x22 ./src/main.o
 .debug_macro   0x000042de       0x9a ./src/main.o
 .debug_macro   0x00004378      0x299 ./src/spi.o
